// Jest Snapshot v1, https://jestjs.io/docs/snapshot-testing

exports[`crux summary displays crux summary 1`] = `
"Form factors: desktop 45.0% | phone 50.0% | tablet 5.0%

METRIC                    | P75     
Largest Contentful Paint  | 2.10 sec
Cumulative Layout Shift   | 0.05    
Interaction to Next Paint | 180 ms  
Time to First Byte        | 800 ms  "
`;
