// Jest Snapshot v1, https://jestjs.io/docs/snapshot-testing

exports[`site delete-deploy deletes deploy 1`] = `
"- Connecting to Calibre
[32m✔[39m Deploy deleted: 8c68b9f6-b5bf-49bc-abd7-896db6338818"
`;

exports[`site delete-deploy requires uuid 1`] = `
"

 Missing required argument: uuid 

 calibre site delete-deploy [options]

Delete a deploy from a selected Site.

Options:

  --help     Show help                                                 [boolean]
  --version  Show version number                                       [boolean]
  --site     A unique slug identifying each Site. You can find it in Site Settin
             gs → General or by using the calibre site list command.
                                                             [string] [required]
  --uuid     The UUID of the deploy.                                  [required]
  --confirm  Use this flag to confirm the deletion of the selected deploy.
  --json     Outputs the results of the command in JSON format."
`;
