// Jest Snapshot v1, https://goo.gl/fbAQLP

exports[`site delete-snapshot deletes snapshot 1`] = `
"- Connecting to Calibre
✔ Snapshot deleted: 14"
`;

exports[`site delete-snapshot requires id 1`] = `
"

 Missing required argument: id 

 calibre site delete-snapshot [options]

Deletes a snapshot from a site

Options:

  --help     Show help                                                 [boolean]
  --version  Show version number                                       [boolean]
  --site     A unique slug identifying each Site. You can find it in Site Settin
             gs → General or by using the calibre site list command.
                                                             [string] [required]
  --id       The id of the snapshot                                   [required]
  --confirm  Confirm the deletion
  --json     Outputs the results of the command in JSON format."
`;
