// Jest Snapshot v1, https://goo.gl/fbAQLP

exports[`site delete-deploy deletes deploy 1`] = `
"- Connecting to Calibre
✔ Deploy deleted: 8c68b9f6-b5bf-49bc-abd7-896db6338818"
`;

exports[`site delete-deploy requires uuid 1`] = `
"

 Missing required argument: uuid 

 calibre site delete-deploy [options]

Deletes a deploy from a site

Options:

  --help     Show help                                                 [boolean]
  --version  Show version number                                       [boolean]
  --site     A unique slug identifying each Site. You can find it in Site Settin
             gs → General or by using the calibre site list command.
                                                             [string] [required]
  --uuid     The uuid of the deploy                                   [required]
  --confirm  Confirm the deletion
  --json     Outputs the results of the command in JSON format."
`;
