// Jest Snapshot v1, https://jestjs.io/docs/snapshot-testing

exports[`site delete-snapshot deletes snapshot 1`] = `
"- Connecting to Calibre
[32m✔[39m Snapshot deleted: 14"
`;

exports[`site delete-snapshot requires id 1`] = `
"

 Missing required argument: id 

 calibre site delete-snapshot [options]

Delete a Snapshot from a selected Site.

Options:

  --help     Show help                                                 [boolean]
  --version  Show version number                                       [boolean]
  --site     A unique slug identifying each Site. You can find it in Site
             Settings → General or by using the calibre site list command.
                                                             [string] [required]
  --id       The id of the Snapshot.                                  [required]
  --confirm  Use this flag to confirm the deletion of the selected Snapshot.
  --json     Outputs the results of the command in JSON format."
`;
