// Jest Snapshot v1, https://goo.gl/fbAQLP

exports[`snapshot metrics returns no snapshot error 1`] = `
"- Connecting to Calibre
✖ Connecting to Calibre


 Error: Snapshot not found 

 calibre site get-snapshot-metrics [options]

Get the metrics of a given snapshot

Options:

  --help      Show help                                                [boolean]
  --version   Show version number                                      [boolean]
  --site      A unique slug identifying each Site. You can find it in Site Setti
              ngs → General or by using the calibre site list command.
                                                             [string] [required]
  --snapshot  The identifying id of a snapshot                        [required]
  --json      Outputs the results of the command in JSON format.
  --csv       Outputs the results of the command in CSV format."
`;
