// Jest Snapshot v1, https://jestjs.io/docs/snapshot-testing

exports[`site snapshots lists all snapshots 1`] = `
"2 snapshots
ID | URL                                                | REF | CLIENT | STATUS                       
14 | http://localhost:3000/calibre/calibre/snapshots/14 |     |        | Completed 12:00AM 6-Feb-2019 
13 | http://localhost:3000/calibre/calibre/snapshots/13 |     |        | Completed 12:22AM 30-Jan-2019
To see snapshots after 13, run: calibre site snapshots --site=calibre --cursor=MjU=="
`;
