// Jest Snapshot v1, https://jestjs.io/docs/snapshot-testing

exports[`missing token argument 1`] = `
"

 Not enough non-option arguments: got 0, need at least 1 

 calibre token <command>

Use the token command to store or revoke a Calibre API token. You can also save
your token with the CALIBRE_API_TOKEN environment variable.

Commands:

  calibre token set <token>  Store your API Token to use the CLI (saved in ~/.co
                             nfig/configstore/calibre.json).
  calibre token remove       Remove the saved API Token used for CLI commands (f
                             rom ~/.config/configstore/calibre.json).

Options:

  --help     Show help                                                 [boolean]
  --version  Show version number                                       [boolean]"
`;

exports[`sets token 1`] = `""`;
