// Jest Snapshot v1, https://goo.gl/fbAQLP

exports[`missing token argument 1`] = `
"

 Not enough non-option arguments: got 0, need at least 1 

 --- Command documentation
 calibre token <command>

Tasks related to tokens

Commands:

  calibre token remove     Remove the Calibre API token used for CLI commands
  calibre token set <key>  Set the Calibre API token used for CLI commands

Options:

  --help     Show help                                                 [boolean]
  --version  Show version number                                       [boolean]"
`;

exports[`sets token 1`] = `""`;
