// Jest Snapshot v1, https://goo.gl/fbAQLP

exports[`calibre --help 1`] = `
"♤  calibre subcommand [options]

Commands:

  calibre connection-list  Print a list of Calibre’s prebaked emulated
                           connection options
  calibre device-list      Print a list of Calibre’s test devices
  calibre location-list    Print a list of Calibre’s test locations
  calibre request          Make a request to the Calibre GraphQL API
  calibre site <command>   Tasks related to sites
  calibre test <command>   Single page tests
  calibre token <command>  Tasks related to tokens

Options:
  --help     Show help                                                 [boolean]
  --version  Show version number                                       [boolean]

Examples:
  calibre test create                       Run a test on calibreapp.com from
  https://calibreapp.com --location=Sydney  Sydney emulating an iPhone 8 with a
  --device=iPhone8 --connection=good3G      3G connection

For more information on Calibre, see https://calibreapp.com"
`;

exports[`calibre --version 1`] = `"3.1.1"`;
