// Jest Snapshot v1, https://jestjs.io/docs/snapshot-testing

exports[`missing subcommand 1`] = `
"

 Not enough non-option arguments: got 0, need at least 1 

 calibre site <command>

Manage your Sites.

Commands:

  calibre site create <name> [options]  Add a Site for Calibre to monitor.
  calibre site list                     List all Sites you are tracking in
                                        Calibre.
  calibre site delete <slug> [options]  Delete a selected Site.

Options:

  --help     Show help                                                 [boolean]
  --version  Show version number                                       [boolean]"
`;
