// Jest Snapshot v1, https://goo.gl/fbAQLP

exports[`missing subcommand 1`] = `
"

 Not enough non-option arguments: got 0, need at least 1 

 calibre team <command>

Use the team command to manage Teams.

Commands:

  calibre team list  List Teams based on API Token access. For Admin Tokens, thi
                     s will list all teams or as specified based on your setting
                     s. For Personal Access Tokens, this will list Teams that yo
                     u have access to.

Options:

  --help     Show help                                                 [boolean]
  --version  Show version number                                       [boolean]"
`;
