// Jest Snapshot v1, https://jestjs.io/docs/snapshot-testing

exports[`missing subcommand 1`] = `
"

 Not enough non-option arguments: got 0, need at least 1 

 calibre team <command>

Use the team command to manage Teams.

Commands:

  calibre team list  List Teams based on API Token access. For Admin Tokens,
                     this will list all teams or as specified based on your
                     settings. For Personal Access Tokens, this will list Teams
                     that you have access to.

Options:

  --help     Show help                                                 [boolean]
  --version  Show version number                                       [boolean]"
`;
