// Jest Snapshot v1, https://goo.gl/fbAQLP

exports[`Index should be able to resolve the same dependencies 1`] = `
Object {
  "Agent": Object {
    "list": [Function],
  },
  "Connection": Object {
    "list": [Function],
  },
  "Device": Object {
    "list": [Function],
  },
  "GraphQL": Object {
    "request": [Function],
  },
  "Page": Object {
    "create": [Function],
    "destroy": [Function],
    "list": [Function],
    "update": [Function],
  },
  "Site": Object {
    "create": [Function],
    "destroy": [Function],
    "list": [Function],
  },
  "Snapshot": Object {
    "create": [Function],
    "destroy": [Function],
    "fetchArtifacts": [Function],
    "list": [Function],
  },
  "SnapshotMetrics": Object {
    "pulse": [Function],
    "snapshot": [Function],
  },
  "Test": Object {
    "create": [Function],
    "fetchArtifacts": [Function],
    "getList": [Function],
    "getTestByUuid": [Function],
    "waitForTest": [Function],
  },
  "TestProfile": Object {
    "create": [Function],
    "destroy": [Function],
    "list": [Function],
    "update": [Function],
  },
  "TimeSeries": Object {
    "list": [Function],
  },
}
`;
