// Jest Snapshot v1, https://jestjs.io/docs/snapshot-testing

exports[`Index should be able to resolve the same dependencies 1`] = `
{
  "Agent": {
    "list": [Function],
  },
  "AgentSettings": {
    "get": [Function],
    "update": [Function],
  },
  "Connection": {
    "list": [Function],
  },
  "Deploy": {
    "create": [Function],
    "destroy": [Function],
    "list": [Function],
  },
  "Device": {
    "list": [Function],
  },
  "GraphQL": {
    "request": [Function],
  },
  "Integration": {
    "create": [Function],
    "destroy": [Function],
    "list": [Function],
    "update": [Function],
  },
  "MetricBudget": {
    "create": [Function],
    "destroy": [Function],
    "list": [Function],
    "update": [Function],
  },
  "Page": {
    "create": [Function],
    "destroy": [Function],
    "list": [Function],
    "update": [Function],
  },
  "PullRequestReview": {
    "create": [Function],
    "getPRReviewByBranch": [Function],
    "list": [Function],
    "waitForReviewCompletion": [Function],
  },
  "Site": {
    "create": [Function],
    "destroy": [Function],
    "get": [Function],
    "list": [Function],
    "update": [Function],
  },
  "Snapshot": {
    "create": [Function],
    "destroy": [Function],
    "fetchArtifacts": [Function],
    "list": [Function],
  },
  "SnapshotMetrics": {
    "snapshot": [Function],
  },
  "Test": {
    "create": [Function],
    "fetchArtifacts": [Function],
    "getList": [Function],
    "getTestByUuid": [Function],
    "waitForTest": [Function],
  },
  "TestProfile": {
    "create": [Function],
    "destroy": [Function],
    "list": [Function],
    "update": [Function],
  },
  "TimeSeries": {
    "list": [Function],
  },
}
`;
